scripts/seed-test-accounts.ts(385,5): error TS2322: Type '{ quoteNumber: string; traderId: string; status: "MATCHING"; cargoName: string; casNumber: string; quantity: number; quantityUnit: string; isHazardous: true; hazardClass: "CLASS_3"; unNumber: string; ... 19 more ...; submittedAt: Date; }' is not assignable to type '(Without<QuoteCreateInput, QuoteUncheckedCreateInput> & QuoteUncheckedCreateInput) | (Without<...> & QuoteCreateInput)'.
  Type '{ quoteNumber: string; traderId: string; status: "MATCHING"; cargoName: string; casNumber: string; quantity: number; quantityUnit: string; isHazardous: true; hazardClass: "CLASS_3"; unNumber: string; ... 19 more ...; submittedAt: Date; }' is not assignable to type 'Without<QuoteUncheckedCreateInput, QuoteCreateInput> & QuoteCreateInput'.
    Type '{ quoteNumber: string; traderId: string; status: "MATCHING"; cargoName: string; casNumber: string; quantity: number; quantityUnit: string; isHazardous: true; hazardClass: "CLASS_3"; unNumber: string; ... 19 more ...; submittedAt: Date; }' is not assignable to type 'Without<QuoteUncheckedCreateInput, QuoteCreateInput>'.
      Types of property 'traderId' are incompatible.
        Type 'string' is not assignable to type 'never'.
scripts/seed-test-accounts.ts(423,5): error TS2322: Type '{ quoteNumber: string; traderId: string; status: "SELECTED"; cargoName: string; casNumber: string; quantity: number; quantityUnit: string; isHazardous: true; hazardClass: "CLASS_8"; unNumber: string; ... 19 more ...; submittedAt: Date; }' is not assignable to type '(Without<QuoteCreateInput, QuoteUncheckedCreateInput> & QuoteUncheckedCreateInput) | (Without<...> & QuoteCreateInput)'.
  Type '{ quoteNumber: string; traderId: string; status: "SELECTED"; cargoName: string; casNumber: string; quantity: number; quantityUnit: string; isHazardous: true; hazardClass: "CLASS_8"; unNumber: string; ... 19 more ...; submittedAt: Date; }' is not assignable to type 'Without<QuoteUncheckedCreateInput, QuoteCreateInput> & QuoteCreateInput'.
    Type '{ quoteNumber: string; traderId: string; status: "SELECTED"; cargoName: string; casNumber: string; quantity: number; quantityUnit: string; isHazardous: true; hazardClass: "CLASS_8"; unNumber: string; ... 19 more ...; submittedAt: Date; }' is not assignable to type 'Without<QuoteUncheckedCreateInput, QuoteCreateInput>'.
      Types of property 'traderId' are incompatible.
        Type 'string' is not assignable to type 'never'.
scripts/seed-test-accounts.ts(463,5): error TS2322: Type '{ quoteNumber: string; traderId: string; status: "OFFERS_AVAILABLE"; cargoName: string; quantity: number; quantityUnit: string; isHazardous: false; hazardClass: "NON_HAZARDOUS"; cargoReadyDate: Date; ... 17 more ...; submittedAt: Date; }' is not assignable to type '(Without<QuoteCreateInput, QuoteUncheckedCreateInput> & QuoteUncheckedCreateInput) | (Without<...> & QuoteCreateInput)'.
  Type '{ quoteNumber: string; traderId: string; status: "OFFERS_AVAILABLE"; cargoName: string; quantity: number; quantityUnit: string; isHazardous: false; hazardClass: "NON_HAZARDOUS"; cargoReadyDate: Date; ... 17 more ...; submittedAt: Date; }' is not assignable to type 'Without<QuoteUncheckedCreateInput, QuoteCreateInput> & QuoteCreateInput'.
    Type '{ quoteNumber: string; traderId: string; status: "OFFERS_AVAILABLE"; cargoName: string; quantity: number; quantityUnit: string; isHazardous: false; hazardClass: "NON_HAZARDOUS"; cargoReadyDate: Date; ... 17 more ...; submittedAt: Date; }' is not assignable to type 'Without<QuoteUncheckedCreateInput, QuoteCreateInput>'.
      Types of property 'traderId' are incompatible.
        Type 'string' is not assignable to type 'never'.
scripts/seed-test-accounts.ts(500,5): error TS2322: Type '{ quoteNumber: string; traderId: string; status: "EXPIRED"; cargoName: string; casNumber: string; quantity: number; quantityUnit: string; isHazardous: true; hazardClass: "CLASS_3"; unNumber: string; ... 20 more ...; submittedAt: Date; }' is not assignable to type '(Without<QuoteCreateInput, QuoteUncheckedCreateInput> & QuoteUncheckedCreateInput) | (Without<...> & QuoteCreateInput)'.
  Type '{ quoteNumber: string; traderId: string; status: "EXPIRED"; cargoName: string; casNumber: string; quantity: number; quantityUnit: string; isHazardous: true; hazardClass: "CLASS_3"; unNumber: string; ... 20 more ...; submittedAt: Date; }' is not assignable to type 'Without<QuoteUncheckedCreateInput, QuoteCreateInput> & QuoteCreateInput'.
    Type '{ quoteNumber: string; traderId: string; status: "EXPIRED"; cargoName: string; casNumber: string; quantity: number; quantityUnit: string; isHazardous: true; hazardClass: "CLASS_3"; unNumber: string; ... 20 more ...; submittedAt: Date; }' is not assignable to type 'Without<QuoteUncheckedCreateInput, QuoteCreateInput>'.
      Types of property 'traderId' are incompatible.
        Type 'string' is not assignable to type 'never'.
scripts/seed-test-accounts.ts(811,7): error TS2322: Type '{ quoteNumber: string; traderId: string; status: "DRAFT" | "SUBMITTED" | "MATCHING" | "OFFERS_AVAILABLE"; cargoName: string; quantity: number; quantityUnit: string; isHazardous: boolean; ... 19 more ...; expiresAt: Date; }' is not assignable to type '(Without<QuoteCreateInput, QuoteUncheckedCreateInput> & QuoteUncheckedCreateInput) | (Without<...> & QuoteCreateInput)'.
  Type '{ quoteNumber: string; traderId: string; status: "DRAFT" | "SUBMITTED" | "MATCHING" | "OFFERS_AVAILABLE"; cargoName: string; quantity: number; quantityUnit: string; isHazardous: boolean; ... 19 more ...; expiresAt: Date; }' is not assignable to type 'Without<QuoteUncheckedCreateInput, QuoteCreateInput> & QuoteCreateInput'.
    Type '{ quoteNumber: string; traderId: string; status: "DRAFT" | "SUBMITTED" | "MATCHING" | "OFFERS_AVAILABLE"; cargoName: string; quantity: number; quantityUnit: string; isHazardous: boolean; ... 19 more ...; expiresAt: Date; }' is not assignable to type 'Without<QuoteUncheckedCreateInput, QuoteCreateInput>'.
      Types of property 'traderId' are incompatible.
        Type 'string' is not assignable to type 'never'.
